// Jest Snapshot v1, https://goo.gl/fbAQLP

exports[`Control should render control correctly  1`] = `
<div
  className="container"
>
  <div
    className="row justify-content-center"
  >
    <div
      className="col-lg-6 col-md-8 col-sm-12 col-center"
    >
      <div
        className="control"
      >
        <Score
          score={
            Array [
              0,
              1,
            ]
          }
        />
        <Switcher
          gameMode="people"
          gameModes={
            Array [
              "people",
              "starship",
            ]
          }
          switchModeHandler={[Function]}
        />
        <button
          className="ctrl-button btn btn-success w-100"
          onClick={[MockFunction]}
          type="button"
        >
          Submit
        </button>
      </div>
    </div>
  </div>
</div>
`;
