// Jest Snapshot v1, https://goo.gl/fbAQLP

exports[`Switcher should render game switcher correctly  1`] = `
<div
  className="my-3"
>
  <h3>
    Game Mode
  </h3>
  <span
    className="switch-label d-none d-md-inline"
  >
    people
  </span>
  <span
    className="switch-label d-md-none"
  >
    P
  </span>
  <label
    className="switch"
  >
    <input
      className="switch-input"
      onChange={[MockFunction]}
      type="checkbox"
    />
    <span
      className="slider"
    />
  </label>
  <span
    className="switch-label d-none d-md-inline"
  >
    starship
  </span>
  <span
    className="switch-label d-md-none"
  >
    S
  </span>
</div>
`;
