// Jest Snapshot v1, https://goo.gl/fbAQLP

exports[`App should render control correctly  1`] = `
<div
  className="app"
>
  <div
    className=""
  >
    <Title
      isMain={true}
      title="STAR WARS"
    />
    <Title
      title="Game Cards"
    />
    <div
      className="container"
    >
      <div
        className="row justify-content-center"
      >
        <div
          className="col-lg-3 col-md-4 col-6"
          key="0"
        >
          <Card
            gameMode="people"
            isDraw={false}
            isWinner={false}
          />
        </div>
        <div
          className="col-lg-3 col-md-4 col-6"
          key="1"
        >
          <Card
            gameMode="people"
            isDraw={false}
            isWinner={false}
          />
        </div>
      </div>
    </div>
    <Control
      newGameHandler={[Function]}
      score={
        Array [
          0,
          0,
        ]
      }
      submitButtonLabel="New Cards"
      switchModeHandler={[Function]}
    />
  </div>
</div>
`;
